1
2
3
7 0
0
ffffffffffffffff 100000000 -4294967296
4
