mawk 1.9.9.5, 11 Aug 2016, Copyright Michael D. Brennan


testing input and field splitting
input and field splitting OK

testing regular expression matching
regular expression matching OK

testing arrays and flow of control
array test OK

testing input/output with pipes
pipe IO OK

testing function calls and general stress test
general stress test passed

tested mawk seems OK
